# This was autogenerated by MetalLB's custom resource generator.
apiVersion: metallb.io/v1beta1
kind: IPAddressPool
metadata:
  creationTimestamp: null
  name: my-ip-space
  namespace: metallb-system
spec:
  addresses:
  - 198.51.100.0/24
  - fc00:f853:0ccd:e799::/124
  avoidBuggyIPs: true
status: {}
---
apiVersion: metallb.io/v1beta1
kind: BGPAdvertisement
metadata:
  creationTimestamp: null
  name: bgpadvertisement1
  namespace: metallb-system
spec:
  ipAddressPools:
  - my-ip-space
status: {}
---
